[edenresort.skilljetke.com/index.html]
[backblue.gif]
[fade.gif]
[index.html]
[edenresort.skilljetke.com/css/open-iconic-bootstrap.min.css]
[edenresort.skilljetke.com/css/animate.css]
[edenresort.skilljetke.com/css/owl.carousel.min.css]
[edenresort.skilljetke.com/css/owl.theme.default.min.css]
[edenresort.skilljetke.com/css/magnific-popup.css]
[edenresort.skilljetke.com/css/aos.css]
[edenresort.skilljetke.com/css/ionicons.min.css]
[edenresort.skilljetke.com/css/bootstrap-datepicker.css]
[edenresort.skilljetke.com/css/jquery.timepicker.css]
[edenresort.skilljetke.com/css/flaticon.css]
[edenresort.skilljetke.com/css/icomoon.css]
[edenresort.skilljetke.com/css/style.css]
[edenresort.skilljetke.com/contact.html]
[edenresort.skilljetke.com/images/photo_2023-08-27_07-18-06.jpg]
[edenresort.skilljetke.com/images/photo_2023-08-27_07-18-27.jpg]
[edenresort.skilljetke.com/images/photo_2023-08-27_07-18-24.jpg]
[edenresort.skilljetke.com/images/photo_2023-08-27_07-18-52.jpg]
[edenresort.skilljetke.com/images/photo_2023-08-27_07-18-30.jpg]
[edenresort.skilljetke.com/images/1.png]
[edenresort.skilljetke.com/images/2.png]
[edenresort.skilljetke.com/images/3.png]
[edenresort.skilljetke.com/images/4.png]
[edenresort.skilljetke.com/images/insta-1.jpg]
[edenresort.skilljetke.com/images/photo_2023-08-27_07-19-02.jpg]
[edenresort.skilljetke.com/images/insta-2.jpg]
[edenresort.skilljetke.com/images/photo_2023-08-27_07-18-54.jpg]
[edenresort.skilljetke.com/images/insta-3.jpg]
[edenresort.skilljetke.com/images/photo_2023-08-27_07-19-00.jpg]
[edenresort.skilljetke.com/images/insta-4.jpg]
[edenresort.skilljetke.com/images/photo_2023-08-27_07-18-47.jpg]
[edenresort.skilljetke.com/images/insta-5.jpg]
[edenresort.skilljetke.com/images/photo_2023-08-27_07-19-05.jpg]
[edenresort.skilljetke.com/images/bg_4.jpg]
[edenresort.skilljetke.com/js/jquery-migrate-3.0.1.min.js]
[edenresort.skilljetke.com/js/jquery.min.js]
[edenresort.skilljetke.com/js/popper.min.js]
[edenresort.skilljetke.com/js/bootstrap.min.js]
[edenresort.skilljetke.com/js/jquery.easing.1.3.js]
[edenresort.skilljetke.com/js/jquery.waypoints.min.js]
[edenresort.skilljetke.com/js/jquery.stellar.min.js]
[edenresort.skilljetke.com/js/owl.carousel.min.js]
[edenresort.skilljetke.com/js/jquery.magnific-popup.min.js]
[edenresort.skilljetke.com/js/aos.js]
[edenresort.skilljetke.com/js/jquery.animateNumber.min.js]
[edenresort.skilljetke.com/js/bootstrap-datepicker.js]
[edenresort.skilljetke.com/js/scrollax.min.js]
[edenresort.skilljetke.com/js/google-map.js]
[edenresort.skilljetke.com/js/main.js]
[edenresort.skilljetke.com/index.html]
[edenresort.skilljetke.com/fonts/open-iconic/open-iconic.eot]
[edenresort.skilljetke.com/fonts/open-iconic/open-iconicd41d.eot]
[edenresort.skilljetke.com/fonts/open-iconic/open-iconic.woff]
[edenresort.skilljetke.com/fonts/open-iconic/open-iconic.ttf]
[edenresort.skilljetke.com/fonts/open-iconic/open-iconic.otf]
[edenresort.skilljetke.com/fonts/open-iconic/open-iconic.svg]
[edenresort.skilljetke.com/css/open-iconic-bootstrap.min.css]
[edenresort.skilljetke.com/css/animate.css]
[edenresort.skilljetke.com/css/owl.carousel.min.css]
[edenresort.skilljetke.com/css/owl.theme.default.min.css]
[edenresort.skilljetke.com/css/magnific-popup.css]
[edenresort.skilljetke.com/css/aos.css]
[edenresort.skilljetke.com/fonts/ionicons/fonts/ionicons580c.woff2]
[edenresort.skilljetke.com/fonts/ionicons/fonts/ionicons580c.eot]
[edenresort.skilljetke.com/fonts/ionicons/fonts/ionicons580c.woff]
[edenresort.skilljetke.com/fonts/ionicons/fonts/ionicons580c.ttf]
[edenresort.skilljetke.com/css/ionicons.min.css]
[edenresort.skilljetke.com/css/bootstrap-datepicker.css]
[edenresort.skilljetke.com/css/jquery.timepicker.css]
[edenresort.skilljetke.com/fonts/flaticon/font/Flaticon.eot]
[edenresort.skilljetke.com/fonts/flaticon/font/Flaticond41d.eot]
[edenresort.skilljetke.com/fonts/ionicons/fonts/ionicons580c.svg]
[edenresort.skilljetke.com/fonts/flaticon/font/Flaticon.woff]
[edenresort.skilljetke.com/fonts/flaticon/font/Flaticon.ttf]
[edenresort.skilljetke.com/fonts/flaticon/font/Flaticon.svg]
[edenresort.skilljetke.com/css/flaticon.css]
[edenresort.skilljetke.com/fonts/icomoon/icomoonccfb.eot]
[edenresort.skilljetke.com/fonts/icomoon/icomoonccfb.woff]
[edenresort.skilljetke.com/css/icomoon.css]
[edenresort.skilljetke.com/css/style.css]
[edenresort.skilljetke.com/images/photo_2023-08-27_07-19-08.jpg]
[edenresort.skilljetke.com/contact.html]
[edenresort.skilljetke.com/fonts/open-iconic/open-iconic.svg]
[edenresort.skilljetke.com/css/owl.video.play.html]
[edenresort.skilljetke.com/fonts/ionicons/fonts/ionicons580c.svg]
[edenresort.skilljetke.com/fonts/flaticon/font/Flaticon.svg]
[edenresort.skilljetke.com/fonts/icomoon/icomoonccfb.ttf]
[edenresort.skilljetke.com/fonts/icomoon/icomoonccfb.svg]
[edenresort.skilljetke.com/fonts/icomoon/icomoonccfb.svg]
